<!doctype html>
<html>
  <head>
    <title>test</title>
    <script src="test.js?v=7"></script>
    <script>
      console.log('testing');
    </script>
    <link href="test.css?v=8" rel="stylesheet">
    <link href="//cdn.1.test.com/test.css?v=25" rel="stylesheet">
  </head>
  <body>
    <img src="testing.png?v=11" alt="">
    <script src="test2.js?v=8"></script>
    <script src="//cdn.2.test.com/test2.js?v=25"></script>
  </body>
</html>
