<!doctype html>
<html>
  <head>
    <title>test</title>
    <script src="test.js?v=123456"></script>
    <script>
      console.log('testing');
    </script>
    <link href="test.css?v=123456" rel="stylesheet">
  </head>
  <body>
    <img src="testing.png?v=123456" alt="">
    <script src="test2.js?v=123456"></script>
  </body>
</html>
